// Jest Snapshot v1, https://goo.gl/fbAQLP

exports[`Input Is Input component renders 1`] = `ShallowWrapper {}`;
